<html>
<body>
<pre>
<h1>µVision Build Log</h1>
<h2>Project:</h2>
I:\ECE 353\HW5\HW5\HW5\HW5\src\ece353_base_project.uvproj
Project File Date:  04/22/2014

<h2>Output:</h2>
Rebuild target 'base_project'
assembling Startup.s...
compiling main.c...
compiling uart.c...
compiling gpio.c...
gpio.c(12): warning:  #550-D: variable "delay" was set but never used
linking...
Program Size: Code=3368 RO-data=96 RW-data=84 ZI-data=8228  
"ece353_base_project.axf" - 0 Error(s), 1 Warning(s).
Load "I:\\ECE 353\\HW5\\HW5\\HW5\\HW5\\src\\ece353_base_project.AXF" 
Connecting: Mode=JTAG, Speed=1000000Hz
Erase Done.
Programming Done.
Verify OK.
Build target 'base_project'
compiling uart.c...
linking...
Program Size: Code=3380 RO-data=96 RW-data=84 ZI-data=8228  
"ece353_base_project.axf" - 0 Error(s), 0 Warning(s).
Load "I:\\ECE 353\\HW5\\HW5\\HW5\\HW5\\src\\ece353_base_project.AXF" 
Connecting: Mode=JTAG, Speed=1000000Hz
Erase Done.
Programming Done.
Verify OK.
Build target 'base_project'
compiling uart.c...
linking...
Program Size: Code=3368 RO-data=96 RW-data=84 ZI-data=8228  
"ece353_base_project.axf" - 0 Error(s), 0 Warning(s).
Build target 'base_project'
compiling uart.c...
linking...
Program Size: Code=3368 RO-data=96 RW-data=84 ZI-data=8228  
"ece353_base_project.axf" - 0 Error(s), 0 Warning(s).
Build target 'base_project'
compiling uart.c...
uart.c(170): error:  #29: expected an expression
uart.c(187): warning:  #12-D: parsing restarts here after previous syntax error
uart.c(187): error:  #65: expected a ";"
Target not created
Build target 'base_project'
compiling uart.c...
linking...
Program Size: Code=3376 RO-data=96 RW-data=84 ZI-data=8228  
"ece353_base_project.axf" - 0 Error(s), 0 Warning(s).
Load "I:\\ECE 353\\HW5\\HW5\\HW5\\HW5\\src\\ece353_base_project.AXF" 
Connecting: Mode=JTAG, Speed=1000000Hz
Erase Done.
Programming Done.
Verify OK.
Build target 'base_project'
compiling uart.c...
linking...
Program Size: Code=3364 RO-data=96 RW-data=84 ZI-data=8228  
"ece353_base_project.axf" - 0 Error(s), 0 Warning(s).
Load "I:\\ECE 353\\HW5\\HW5\\HW5\\HW5\\src\\ece353_base_project.AXF" 
Connecting: Mode=JTAG, Speed=1000000Hz
Erase Done.
Programming Done.
Verify OK.
Build target 'base_project'
compiling uart.c...
linking...
Program Size: Code=3368 RO-data=96 RW-data=84 ZI-data=8228  
"ece353_base_project.axf" - 0 Error(s), 0 Warning(s).
Load "I:\\ECE 353\\HW5\\HW5\\HW5\\HW5\\src\\ece353_base_project.AXF" 
Connecting: Mode=JTAG, Speed=1000000Hz
Erase Done.
Programming Done.
Verify OK.
Build target 'base_project'
compiling uart.c...
linking...
Program Size: Code=3368 RO-data=96 RW-data=84 ZI-data=8228  
"ece353_base_project.axf" - 0 Error(s), 0 Warning(s).
Load "I:\\ECE 353\\HW5\\HW5\\HW5\\HW5\\src\\ece353_base_project.AXF" 
Connecting: Mode=JTAG, Speed=1000000Hz
Erase Done.
Programming Done.
Verify OK.
Build target 'base_project'
compiling uart.c...
linking...
Program Size: Code=3368 RO-data=96 RW-data=84 ZI-data=8228  
"ece353_base_project.axf" - 0 Error(s), 0 Warning(s).
Load "I:\\ECE 353\\HW5\\HW5\\HW5\\HW5\\src\\ece353_base_project.AXF" 
Connecting: Mode=JTAG, Speed=1000000Hz
Erase Done.
Programming Done.
Verify OK.
Build target 'base_project'
compiling uart.c...
linking...
Program Size: Code=3344 RO-data=96 RW-data=84 ZI-data=8228  
"ece353_base_project.axf" - 0 Error(s), 0 Warning(s).
Build target 'base_project'
compiling uart.c...
linking...
Program Size: Code=3360 RO-data=96 RW-data=84 ZI-data=8228  
"ece353_base_project.axf" - 0 Error(s), 0 Warning(s).
Load "I:\\ECE 353\\HW5\\HW5\\HW5\\HW5\\src\\ece353_base_project.AXF" 
Connecting: Mode=JTAG, Speed=1000000Hz
Erase Done.
Programming Done.
Verify OK.
Rebuild target 'base_project'
assembling Startup.s...
compiling main.c...
compiling uart.c...
compiling gpio.c...
gpio.c(12): warning:  #550-D: variable "delay" was set but never used
linking...
Program Size: Code=3376 RO-data=96 RW-data=84 ZI-data=8228  
"ece353_base_project.axf" - 0 Error(s), 1 Warning(s).
Load "I:\\ECE 353\\HW5\\HW5\\HW5\\HW5\\src\\ece353_base_project.AXF" 
Connecting: Mode=JTAG, Speed=1000000Hz
Erase Done.
Programming Done.
Verify OK.
Build target 'base_project'
compiling uart.c...
linking...
Program Size: Code=3400 RO-data=96 RW-data=84 ZI-data=8228  
"ece353_base_project.axf" - 0 Error(s), 0 Warning(s).
Load "I:\\ECE 353\\HW5\\HW5\\HW5\\HW5\\src\\ece353_base_project.AXF" 
Connecting: Mode=JTAG, Speed=1000000Hz
Erase Done.
Programming Done.
Verify OK.
Build target 'base_project'
compiling uart.c...
linking...
Program Size: Code=3388 RO-data=96 RW-data=84 ZI-data=8228  
"ece353_base_project.axf" - 0 Error(s), 0 Warning(s).
Load "I:\\ECE 353\\HW5\\HW5\\HW5\\HW5\\src\\ece353_base_project.AXF" 
Connecting: Mode=JTAG, Speed=1000000Hz
Erase Done.
Programming Done.
Verify OK.
Build target 'base_project'
compiling uart.c...
linking...
Program Size: Code=3400 RO-data=96 RW-data=84 ZI-data=8228  
"ece353_base_project.axf" - 0 Error(s), 0 Warning(s).
Load "I:\\ECE 353\\HW5\\HW5\\HW5\\HW5\\src\\ece353_base_project.AXF" 
Connecting: Mode=JTAG, Speed=1000000Hz
Erase Done.
Programming Done.
Verify OK.
Build target 'base_project'
compiling uart.c...
linking...
Program Size: Code=3408 RO-data=96 RW-data=84 ZI-data=8228  
"ece353_base_project.axf" - 0 Error(s), 0 Warning(s).
Load "I:\\ECE 353\\HW5\\HW5\\HW5\\HW5\\src\\ece353_base_project.AXF" 
Connecting: Mode=JTAG, Speed=1000000Hz
Erase Done.
Programming Done.
Verify OK.
Build target 'base_project'
compiling uart.c...
linking...
Program Size: Code=3384 RO-data=96 RW-data=84 ZI-data=8228  
"ece353_base_project.axf" - 0 Error(s), 0 Warning(s).
Load "I:\\ECE 353\\HW5\\HW5\\HW5\\HW5\\src\\ece353_base_project.AXF" 
Connecting: Mode=JTAG, Speed=1000000Hz
Erase Done.
Programming Done.
Verify OK.
Rebuild target 'base_project'
assembling Startup.s...
compiling main.c...
compiling uart.c...
compiling gpio.c...
gpio.c(12): warning:  #550-D: variable "delay" was set but never used
linking...
Program Size: Code=3396 RO-data=96 RW-data=84 ZI-data=8228  
"ece353_base_project.axf" - 0 Error(s), 1 Warning(s).
Load "I:\\ECE 353\\HW5\\HW5\\HW5\\HW5\\src\\ece353_base_project.AXF" 
Connecting: Mode=JTAG, Speed=1000000Hz
Erase Done.
Programming Done.
Verify OK.
Rebuild target 'base_project'
assembling Startup.s...
compiling main.c...
compiling uart.c...
compiling gpio.c...
gpio.c(12): warning:  #550-D: variable "delay" was set but never used
linking...
Program Size: Code=3408 RO-data=96 RW-data=84 ZI-data=8228  
"ece353_base_project.axf" - 0 Error(s), 1 Warning(s).
Load "I:\\ECE 353\\HW5\\HW5\\HW5\\HW5\\src\\ece353_base_project.AXF" 
Connecting: Mode=JTAG, Speed=1000000Hz
Erase Done.
Programming Done.
Verify OK.
Build target 'base_project'
compiling uart.c...
linking...
Program Size: Code=3428 RO-data=96 RW-data=84 ZI-data=8228  
"ece353_base_project.axf" - 0 Error(s), 0 Warning(s).
Load "I:\\ECE 353\\HW5\\HW5\\HW5\\HW5\\src\\ece353_base_project.AXF" 
Connecting: Mode=JTAG, Speed=1000000Hz
Erase Done.
Programming Done.
Verify OK.
Build target 'base_project'
compiling uart.c...
uart.c(128): error:  #20: identifier "UART0_RF_R" is undefined
uart.c(128): error:  #20: identifier "UART_RF_BUSY" is undefined
Target not created
Build target 'base_project'
compiling uart.c...
uart.c(128): error:  #20: identifier "UART_RF_BUSY" is undefined
Target not created
Build target 'base_project'
compiling uart.c...
linking...
Program Size: Code=3432 RO-data=96 RW-data=84 ZI-data=8228  
"ece353_base_project.axf" - 0 Error(s), 0 Warning(s).
Load "I:\\ECE 353\\HW5\\HW5\\HW5\\HW5\\src\\ece353_base_project.AXF" 
Connecting: Mode=JTAG, Speed=1000000Hz
Erase Done.
Programming Done.
Verify OK.
Build target 'base_project'
compiling main.c...
linking...
Program Size: Code=3424 RO-data=96 RW-data=84 ZI-data=8228  
"ece353_base_project.axf" - 0 Error(s), 0 Warning(s).
Load "I:\\ECE 353\\HW5\\HW5\\HW5\\HW5\\src\\ece353_base_project.AXF" 
Connecting: Mode=JTAG, Speed=1000000Hz
Erase Done.
Programming Done.
Verify OK.
Rebuild target 'base_project'
assembling Startup.s...
compiling main.c...
compiling uart.c...
compiling gpio.c...
gpio.c(12): warning:  #550-D: variable "delay" was set but never used
linking...
Program Size: Code=3428 RO-data=96 RW-data=84 ZI-data=8228  
"ece353_base_project.axf" - 0 Error(s), 1 Warning(s).
Load "I:\\ECE 353\\HW5\\HW5\\HW5\\HW5\\src\\ece353_base_project.AXF" 
Connecting: Mode=JTAG, Speed=1000000Hz
Erase Done.
Programming Done.
Verify OK.
Load "I:\\ECE 353\\HW5\\HW5\\HW5\\HW5\\src\\ece353_base_project.AXF" 
Connecting: Mode=JTAG, Speed=1000000Hz
Erase Done.
Programming Done.
Verify OK.
Rebuild target 'base_project'
assembling Startup.s...
compiling main.c...
compiling uart.c...
compiling gpio.c...
gpio.c(12): warning:  #550-D: variable "delay" was set but never used
linking...
Program Size: Code=3428 RO-data=96 RW-data=84 ZI-data=8228  
"ece353_base_project.axf" - 0 Error(s), 1 Warning(s).
Load "I:\\ECE 353\\HW5\\HW5\\HW5\\HW5\\src\\ece353_base_project.AXF" 
Connecting: Mode=JTAG, Speed=1000000Hz
Erase Done.
Programming Done.
Verify OK.
